java : Jan 07, 2026 12:53:45 PM com.handcoded.meta.Specification <clinit>
At line:1 char:1
+ java -cp "build\classes;lib\xml-apis.jar;lib\xercesimpl.jar" demo.com ...
+ ~~~~~~~~~~~~~~~~~~~~~~~~~~~~~~~~~~~~~~~~~~~~~~~~~~~~~~~~~~~~~~~~~~~~~
    + CategoryInfo          : NotSpecified: (Jan 07, 2026 12...cation <clinit>:String) [], RemoteException
    + FullyQualifiedErrorId : NativeCommandError
 
INFO: Bootstrapping Specifications
Jan 07, 2026 12:53:45 PM com.handcoded.xml.XmlUtility <clinit>
INFO: Bootstrapping Default Schema Set
Jan 07, 2026 12:53:46 PM com.handcoded.xml.XmlUtility <clinit>
WARNING: Invalid specification name 'FpML' in configuration file.
Jan 07, 2026 12:53:46 PM com.handcoded.xml.XmlUtility <clinit>
WARNING: Invalid specification name 'FpML' in configuration file.
Jan 07, 2026 12:53:46 PM com.handcoded.xml.XmlUtility <clinit>
WARNING: Invalid specification name 'FpML' in configuration file.
Jan 07, 2026 12:53:46 PM com.handcoded.xml.XmlUtility <clinit>
WARNING: Invalid specification name 'FpML' in configuration file.
Jan 07, 2026 12:53:46 PM com.handcoded.xml.XmlUtility <clinit>
WARNING: Invalid specification name 'FpML' in configuration file.
Jan 07, 2026 12:53:46 PM com.handcoded.xml.XmlUtility <clinit>
WARNING: Invalid specification name 'FpML' in configuration file.
Jan 07, 2026 12:53:46 PM com.handcoded.xml.XmlUtility <clinit>
WARNING: Invalid specification name 'FpML' in configuration file.
Jan 07, 2026 12:53:46 PM com.handcoded.xml.XmlUtility <clinit>
WARNING: Invalid specification name 'FpML' in configuration file.
Jan 07, 2026 12:53:46 PM com.handcoded.xml.XmlUtility <clinit>
WARNING: Invalid specification name 'FpML' in configuration file.
Jan 07, 2026 12:53:46 PM com.handcoded.xml.XmlUtility <clinit>
WARNING: Invalid specification name 'FpML' in configuration file.
Jan 07, 2026 12:53:46 PM com.handcoded.xml.XmlUtility <clinit>
WARNING: Invalid specification name 'FpML' in configuration file.
Jan 07, 2026 12:53:46 PM com.handcoded.xml.XmlUtility <clinit>
WARNING: Invalid specification name 'FpML' in configuration file.
Jan 07, 2026 12:53:46 PM com.handcoded.xml.XmlUtility <clinit>
WARNING: Invalid specification name 'FpML' in configuration file.
Jan 07, 2026 12:53:46 PM com.handcoded.xml.XmlUtility <clinit>
WARNING: Invalid specification name 'FpML' in configuration file.
Jan 07, 2026 12:53:46 PM com.handcoded.xml.XmlUtility <clinit>
WARNING: Invalid specification name 'FpML' in configuration file.
Jan 07, 2026 12:53:46 PM com.handcoded.xml.XmlUtility <clinit>
WARNING: Invalid specification name 'FpML' in configuration file.
Jan 07, 2026 12:53:46 PM com.handcoded.xml.XmlUtility <clinit>
INFO: Completed
Jan 07, 2026 12:53:46 PM com.handcoded.meta.Specification <clinit>
INFO: Completed
Example: files-fpml/examples/fpml4-7/interest-rate-derivatives/ird-ex01-vanilla-swap.xml
Target version: 5-11

--- Registered releases and conversions ---
Release: FpML 1-0 (version=1-0)
  conversion: 1-0->2-0 -> FpML 2-0
Release: FpML 2-0 (version=2-0)
  conversion: 2-0->3-0 -> FpML 3-0
Release: FpML 3-0 (version=3-0)
  conversion: 3-0->4-0 -> FpML 4-0 http://www.fpml.org/2003/FpML-4-0
Release: FpML 4-0 http://www.fpml.org/2003/FpML-4-0 (version=4-0)
  conversion: 4-0->4-1 -> FpML 4-1 http://www.fpml.org/2004/FpML-4-1
Release: FpML 4-1 http://www.fpml.org/2004/FpML-4-1 (version=4-1)
  conversion: 4-1->4-2 -> FpML 4-2 http://www.fpml.org/2005/FpML-4-2
Release: FpML 4-2 http://www.fpml.org/2005/FpML-4-2 (version=4-2)
  conversion: 4-2->4-3 -> FpML 4-3 http://www.fpml.org/2007/FpML-4-3
Release: FpML 4-3 http://www.fpml.org/2007/FpML-4-3 (version=4-3)
  conversion: 4-3->4-4 -> FpML 4-4 http://www.fpml.org/2007/FpML-4-4
Release: FpML 4-4 http://www.fpml.org/2007/FpML-4-4 (version=4-4)
  conversion: 4-4->4-5 -> FpML 4-5 http://www.fpml.org/2008/FpML-4-5
Release: FpML 4-5 http://www.fpml.org/2008/FpML-4-5 (version=4-5)
  conversion: 4-5->4-6 -> FpML 4-6 http://www.fpml.org/2009/FpML-4-6
Release: FpML 4-6 http://www.fpml.org/2009/FpML-4-6 (version=4-6)
  conversion: 4-6->4-7 -> FpML 4-7 http://www.fpml.org/2009/FpML-4-7
Release: FpML 4-7 http://www.fpml.org/2009/FpML-4-7 (version=4-7)
  conversion: 4-7->4-8 -> FpML 4-8 http://www.fpml.org/2010/FpML-4-8
Release: FpML 4-8 http://www.fpml.org/2010/FpML-4-8 (version=4-8)
  conversion: 4-8->4-9 -> FpML 4-9 http://www.fpml.org/2010/FpML-4-9
Release: FpML 4-9 http://www.fpml.org/2010/FpML-4-9 (version=4-9)
  conversion: 4-9->4-10 -> FpML 4-10 http://www.fpml.org/2014/FpML-4-10
Release: FpML 4-10 http://www.fpml.org/2014/FpML-4-10 (version=4-10)
  conversion: 4-10->5-0 -> FpML 5-0 http://www.fpml.org/FpML-5/confirmation
Release: FpML 5-0 http://www.fpml.org/FpML-5/confirmation (version=5-0)
  conversion: 5-0->5-1 -> FpML 5-1 http://www.fpml.org/FpML-5/confirmation
Release: FpML 5-0 http://www.fpml.org/FpML-5/reporting (version=5-0)
Release: FpML 5-1 http://www.fpml.org/FpML-5/confirmation (version=5-1)
  conversion: 5-1->5-2 -> FpML 5-2 http://www.fpml.org/FpML-5/confirmation
Release: FpML 5-1 http://www.fpml.org/FpML-5/reporting (version=5-1)
Release: FpML 5-2 http://www.fpml.org/FpML-5/confirmation (version=5-2)
  conversion: 5-2->5-3 -> FpML 5-3 http://www.fpml.org/FpML-5/confirmation
Release: FpML 5-2 http://www.fpml.org/FpML-5/reporting (version=5-2)
Release: FpML 5-3 http://www.fpml.org/FpML-5/confirmation (version=5-3)
  conversion: 5-3->5-4 -> FpML 5-4 http://www.fpml.org/FpML-5/confirmation
Release: FpML 5-3 http://www.fpml.org/FpML-5/reporting (version=5-3)
Release: FpML 5-3 http://www.fpml.org/FpML-5/recordkeeping (version=5-3)
Release: FpML 5-3 http://www.fpml.org/FpML-5/transparency (version=5-3)
Release: FpML 5-4 http://www.fpml.org/FpML-5/confirmation (version=5-4)
  conversion: 5-4->5-5 -> FpML 5-5 http://www.fpml.org/FpML-5/confirmation
  conversion: 5-4->5-5 -> FpML 5-5 http://www.fpml.org/FpML-5/confirmation
Release: FpML 5-4 http://www.fpml.org/FpML-5/reporting (version=5-4)
Release: FpML 5-4 http://www.fpml.org/FpML-5/recordkeeping (version=5-4)
Release: FpML 5-4 http://www.fpml.org/FpML-5/transparency (version=5-4)
Release: FpML 5-5 http://www.fpml.org/FpML-5/pretrade (version=5-5)
Release: FpML 5-5 http://www.fpml.org/FpML-5/confirmation (version=5-5)
  conversion: 5-5->5-6 -> FpML 5-6 http://www.fpml.org/FpML-5/confirmation
  conversion: 5-5->5-6 -> FpML 5-6 http://www.fpml.org/FpML-5/confirmation
Release: FpML 5-5 http://www.fpml.org/FpML-5/reporting (version=5-5)
Release: FpML 5-5 http://www.fpml.org/FpML-5/recordkeeping (version=5-5)
Release: FpML 5-5 http://www.fpml.org/FpML-5/transparency (version=5-5)
Release: FpML 5-6 http://www.fpml.org/FpML-5/pretrade (version=5-6)
Release: FpML 5-6 http://www.fpml.org/FpML-5/confirmation (version=5-6)
  conversion: 5-6->5-7 -> FpML 5-7 http://www.fpml.org/FpML-5/confirmation
  conversion: 5-6->5-7 -> FpML 5-7 http://www.fpml.org/FpML-5/confirmation
Release: FpML 5-6 http://www.fpml.org/FpML-5/reporting (version=5-6)
Release: FpML 5-6 http://www.fpml.org/FpML-5/recordkeeping (version=5-6)
Release: FpML 5-6 http://www.fpml.org/FpML-5/transparency (version=5-6)
Release: FpML 5-7 http://www.fpml.org/FpML-5/pretrade (version=5-7)
Release: FpML 5-7 http://www.fpml.org/FpML-5/confirmation (version=5-7)
  conversion: 5-7->5-8 -> FpML 5-8 http://www.fpml.org/FpML-5/confirmation
  conversion: 5-7->5-8 -> FpML 5-8 http://www.fpml.org/FpML-5/confirmation
Release: FpML 5-7 http://www.fpml.org/FpML-5/reporting (version=5-7)
Release: FpML 5-7 http://www.fpml.org/FpML-5/recordkeeping (version=5-7)
Release: FpML 5-7 http://www.fpml.org/FpML-5/transparency (version=5-7)
Release: FpML 5-8 http://www.fpml.org/FpML-5/pretrade (version=5-8)
Release: FpML 5-8 http://www.fpml.org/FpML-5/confirmation (version=5-8)
  conversion: 5-8->5-9 -> FpML 5-9 http://www.fpml.org/FpML-5/confirmation
  conversion: 5-8->5-9 -> FpML 5-9 http://www.fpml.org/FpML-5/confirmation
Release: FpML 5-8 http://www.fpml.org/FpML-5/reporting (version=5-8)
Release: FpML 5-8 http://www.fpml.org/FpML-5/recordkeeping (version=5-8)
Release: FpML 5-8 http://www.fpml.org/FpML-5/transparency (version=5-8)
Release: FpML 5-9 http://www.fpml.org/FpML-5/pretrade (version=5-9)
Release: FpML 5-9 http://www.fpml.org/FpML-5/confirmation (version=5-9)
  conversion: 5-9->5-10 -> FpML 5-10 http://www.fpml.org/FpML-5/confirmation
  conversion: 5-9->5-10 -> FpML 5-10 http://www.fpml.org/FpML-5/confirmation
Release: FpML 5-9 http://www.fpml.org/FpML-5/reporting (version=5-9)
Release: FpML 5-9 http://www.fpml.org/FpML-5/recordkeeping (version=5-9)
Release: FpML 5-9 http://www.fpml.org/FpML-5/transparency (version=5-9)
Release: FpML 5-10 http://www.fpml.org/FpML-5/pretrade (version=5-10)
Release: FpML 5-10 http://www.fpml.org/FpML-5/confirmation (version=5-10)
  conversion: 5-10->5-11 -> FpML 5-11 http://www.fpml.org/FpML-5/confirmation
  conversion: 5-10->5-11 -> FpML 5-11 http://www.fpml.org/FpML-5/confirmation
Release: FpML 5-10 http://www.fpml.org/FpML-5/reporting (version=5-10)
Release: FpML 5-10 http://www.fpml.org/FpML-5/recordkeeping (version=5-10)
Release: FpML 5-10 http://www.fpml.org/FpML-5/transparency (version=5-10)
Release: FpML 5-11 http://www.fpml.org/FpML-5/pretrade (version=5-11)
Release: FpML 5-11 http://www.fpml.org/FpML-5/confirmation (version=5-11)
Release: FpML 5-11 http://www.fpml.org/FpML-5/reporting (version=5-11)
Release: FpML 5-11 http://www.fpml.org/FpML-5/recordkeeping (version=5-11)
Release: FpML 5-11 http://www.fpml.org/FpML-5/transparency (version=5-11)
--- end list ---

Source document root: localName=FpML namespace=http://www.fpml.org/2009/FpML-4-7
<?xml version="1.0" encoding="UTF-8" standalone="no"?>
<!--
  == Copyright (c) 2002-2009. All rights reserved.
  == Financial Products Markup Language is subject to the FpML public license.
  == A copy of this license is available at http://www.fpml.org/license/license.html
  --><FpML xmlns="http://www.fpml.org/2009/FpML-4-7" xmlns:fpml="http://www.fpml.org/2009/FpML-4-7" xmlns:xsi="http://www.w3.org/2001/XMLSchema-instance" version="4-7" xsi:schemaLocation="http://www.fpml.org/2009/FpML-4-7 ../fpml-main-4-7.xsd http://www.w3.org/2000/09/xmldsig# ../xmldsig-core-schema.xsd" xsi:type="DataDocument">
     
  <trade>
          
    <tradeHeader>
               
      <partyTradeIdentifier>
                    
        <partyReference href="party1"/>
                    
        <tradeId tradeIdScheme="http://www.chase.com/swaps/trade-id">TW9235</tradeId>
                 
      </partyTradeIdentifier>
               
      <partyTradeIdentifier>
                    
        <partyReference href="party2"/>
                    
        <tradeId tradeIdScheme="http://www.barclays.com/swaps/trade-id">SW2000</tradeId>
                 
      </partyTradeIdentifier>
               
      <tradeDate>1994-12-12Z</tradeDate>
            
    </tradeHeader>
          
    <swap>
      <!-- Chase pays the floating rate every 6 months, based on 6M EUR-LIBOR-BBA,
            on an ACT/360 basis -->
               
      <swapStream>
                    
        <payerPartyReference href="party1"/>
                    
        <receiverPartyReference href="party2"/>
                    
        <calculationPeriodDates id="floatingCalcPeriodDates">
                         
          <effectiveDate>
                              
            <unadjustedDate>1994-12-14Z</unadjustedDate>
                              
            <dateAdjustments>
                                   
              <businessDayConvention>NONE</businessDayConvention>
                                
            </dateAdjustments>
                           
          </effectiveDate>
                         
          <terminationDate>
                              
            <unadjustedDate>1999-12-14Z</unadjustedDate>
                              
            <dateAdjustments>
                                   
              <businessDayConvention>MODFOLLOWING</businessDayConvention>
                                   
              <businessCenters id="primaryBusinessCenters">
                                        
                <businessCenter>DEFR</businessCenter>
                                     
              </businessCenters>
                                
            </dateAdjustments>
                           
          </terminationDate>
                         
          <calculationPeriodDatesAdjustments>
                              
            <businessDayConvention>MODFOLLOWING</businessDayConvention>
                              
            <businessCentersReference href="primaryBusinessCenters"/>
                           
          </calculationPeriodDatesAdjustments>
                         
          <calculationPeriodFrequency>
                              
            <periodMultiplier>6</periodMultiplier>
                              
            <period>M</period>
                              
            <rollConvention>14</rollConvention>
                           
          </calculationPeriodFrequency>
                      
        </calculationPeriodDates>
                    
        <paymentDates>
                         
          <calculationPeriodDatesReference href="floatingCalcPeriodDates"/>
                         
          <paymentFrequency>
                              
            <periodMultiplier>6</periodMultiplier>
                              
            <period>M</period>
                           
          </paymentFrequency>
                         
          <payRelativeTo>CalculationPeriodEndDate</payRelativeTo>
                         
          <paymentDatesAdjustments>
                              
            <businessDayConvention>MODFOLLOWING</businessDayConvention>
                              
            <businessCentersReference href="primaryBusinessCenters"/>
                           
          </paymentDatesAdjustments>
                      
        </paymentDates>
                    
        <resetDates id="resetDates">
                         
          <calculationPeriodDatesReference href="floatingCalcPeriodDates"/>
                         
          <resetRelativeTo>CalculationPeriodStartDate</resetRelativeTo>
                         
          <fixingDates>
                              
            <periodMultiplier>-2</periodMultiplier>
                              
            <period>D</period>
                              
            <dayType>Business</dayType>
                              
            <businessDayConvention>NONE</businessDayConvention>
                              
            <businessCenters>
                                   
              <businessCenter>GBLO</businessCenter>
                                
            </businessCenters>
                              
            <dateRelativeTo href="resetDates"/>
                           
          </fixingDates>
                         
          <resetFrequency>
                              
            <periodMultiplier>6</periodMultiplier>
                              
            <period>M</period>
                           
          </resetFrequency>
                         
          <resetDatesAdjustments>
                              
            <businessDayConvention>MODFOLLOWING</businessDayConvention>
                              
            <businessCentersReference href="primaryBusinessCenters"/>
                           
          </resetDatesAdjustments>
                      
        </resetDates>
                    
        <calculationPeriodAmount>
                         
          <calculation>
                              
            <notionalSchedule>
                                   
              <notionalStepSchedule>
                                        
                <initialValue>50000000.00</initialValue>
                                        
                <currency currencyScheme="http://www.fpml.org/ext/iso4217">EUR</currency>
                                     
              </notionalStepSchedule>
                                
            </notionalSchedule>
                              
            <floatingRateCalculation>
                                   
              <floatingRateIndex>EUR-LIBOR-BBA</floatingRateIndex>
                                   
              <indexTenor>
                                        
                <periodMultiplier>6</periodMultiplier>
                                        
                <period>M</period>
                                     
              </indexTenor>
                                
            </floatingRateCalculation>
                              
            <dayCountFraction>ACT/360</dayCountFraction>
                           
          </calculation>
                      
        </calculationPeriodAmount>
                 
      </swapStream>
      <!-- Barclays pays the 6% fixed rate every year on a 30E/360 basis -->
               
      <swapStream>
                    
        <payerPartyReference href="party2"/>
                    
        <receiverPartyReference href="party1"/>
                    
        <calculationPeriodDates id="fixedCalcPeriodDates">
                         
          <effectiveDate>
                              
            <unadjustedDate>1994-12-14Z</unadjustedDate>
                              
            <dateAdjustments>
                                   
              <businessDayConvention>NONE</businessDayConvention>
                                
            </dateAdjustments>
                           
          </effectiveDate>
                         
          <terminationDate>
                              
            <unadjustedDate>1999-12-14Z</unadjustedDate>
                              
            <dateAdjustments>
                                   
              <businessDayConvention>MODFOLLOWING</businessDayConvention>
                                   
              <businessCentersReference href="primaryBusinessCenters"/>
                                
            </dateAdjustments>
                           
          </terminationDate>
                         
          <calculationPeriodDatesAdjustments>
                              
            <businessDayConvention>MODFOLLOWING</businessDayConvention>
                              
            <businessCentersReference href="primaryBusinessCenters"/>
                           
          </calculationPeriodDatesAdjustments>
                         
          <calculationPeriodFrequency>
                              
            <periodMultiplier>1</periodMultiplier>
                              
            <period>Y</period>
                              
            <rollConvention>14</rollConvention>
                           
          </calculationPeriodFrequency>
                      
        </calculationPeriodDates>
                    
        <paymentDates>
                         
          <calculationPeriodDatesReference href="fixedCalcPeriodDates"/>
                         
          <paymentFrequency>
                              
            <periodMultiplier>1</periodMultiplier>
                              
            <period>Y</period>
                           
          </paymentFrequency>
                         
          <payRelativeTo>CalculationPeriodEndDate</payRelativeTo>
                         
          <paymentDatesAdjustments>
                              
            <businessDayConvention>MODFOLLOWING</businessDayConvention>
                              
            <businessCentersReference href="primaryBusinessCenters"/>
                           
          </paymentDatesAdjustments>
                      
        </paymentDates>
                    
        <calculationPeriodAmount>
                         
          <calculation>
                              
            <notionalSchedule>
                                   
              <notionalStepSchedule>
                                        
                <initialValue>50000000.00</initialValue>
                                        
                <currency currencyScheme="http://www.fpml.org/ext/iso4217">EUR</currency>
                                     
              </notionalStepSchedule>
                                
            </notionalSchedule>
                              
            <fixedRateSchedule>
                                   
              <initialValue>0.06</initialValue>
                                
            </fixedRateSchedule>
                              
            <dayCountFraction>30E/360</dayCountFraction>
                           
          </calculation>
                      
        </calculationPeriodAmount>
                 
      </swapStream>
            
    </swap>
       
  </trade>
     
  <party id="party1">
          
    <partyId>CHASUS33</partyId>
       
  </party>
     
  <party id="party2">
          
    <partyId>BARCGB2L</partyId>
       
  </party>
  
</FpML>

<?xml version="1.0" encoding="UTF-8" standalone="no"?>
<dataDocument xmlns="http://www.fpml.org/FpML-5/confirmation" xmlns:dsig="http://www.w3.org/2000/09/xmldsig#" xmlns:xsi="http://www.w3.org/2001/XMLSchema-instance" fpmlVersion="5-11" xsi:schemaLocation="http://www.w3.org/2000/09/xmldsig# xmldsig-core-schema.xsd http://www.fpml.org/FpML-5/confirmation fpml-main-5-11.xsd"/>

TestConvertUnit: success - converted document matches target: FpML 5-11 http://www.fpml.org/FpML-5/confirmation
