javac : error: Invalid filename: C:UsersgpandeyOneDrive - ISDADocumentsProjectsFpMLpml-toolkit-javasrc-acmecomhandcodedacmeReleases.java
At line:1 char:362
+ ... piling..."; javac -cp "lib/xml-apis.jar;lib/xercesimpl.jar" -d build\ ...
+                 ~~~~~~~~~~~~~~~~~~~~~~~~~~~~~~~~~~~~~~~~~~~~~~~~~~~~~~~~~
    + CategoryInfo          : NotSpecified: (error: Invalid ...meReleases.java:String) [], RemoteException
    + FullyQualifiedErrorId : NativeCommandError
 
Usage: javac <options> <source files>
use --help for a list of possible options
